<html>
<body>
<pre>
<h1>µVision Build Log</h1>
<h2>Tool Versions:</h2>
IDE-Version: µVision V5.43.1.0
Copyright (C) 2025 ARM Ltd and ARM Germany GmbH. All rights reserved.
License Information: name name, name, LIC=IC93N-YPWF8-SGH7K-Z9LU1-PM132-NP9L7
 
Tool Versions:
Toolchain:       MDK-ARM Professional  Version: 5.43.0.0
Toolchain Path:  C:\Keil_v5\ARM\ARMCC\Bin
C Compiler:      Armcc.exe V5.06 update 7 (build 960)
Assembler:       Armasm.exe V5.06 update 7 (build 960)
Linker/Locator:  ArmLink.exe V5.06 update 7 (build 960)
Library Manager: ArmAr.exe V5.06 update 7 (build 960)
Hex Converter:   FromElf.exe V5.06 update 7 (build 960)
CPU DLL:         SARM.DLL V5.43.0.0
Dialog DLL:      DARMP.DLL V1.54.1.0
Target DLL:      UL2ARM.DLL V1.74.17.0
Dialog DLL:      TARMP.DLL V1.54.1.0
 
<h2>Project:</h2>
C:\Keil_v5\ARM\Examples\LPC2294\newmeteo\ARM_OS.uvproj
Project File Date:  05/19/2026

<h2>Output:</h2>
*** Using Compiler 'V5.06 update 7 (build 960)', folder: 'C:\Keil_v5\ARM\ARMCC\Bin'
Rebuild target 'Target 1'
Note: source file '.\WEB\WEB.C' - object file renamed from '.\OBJ\WEB.o' to '.\OBJ\web_1.o'.
custom translating web.inp...
Custom: C:\Keil_v5\ARM\bin\fcarm @.\WEB\web.inp
FCARM FILE CONVERTER V2.59
Completed 27 File(s), Ratio 96%
assembling Startup.s...
compiling DM9000_16.c...
compiling HTTP_uif.c...
compiling HTTP_CGI.c...
compiling Serial.c...
compiling Net_Config.c...
compiling ARM_OS.c...
compiling STD_Files.c...
compiling Retarget.c...
compiling File_Config.c...
compiling Command.c...
compiling RSS.c...
compiling SPI_LPC2294.c...
compiling zapros.c...
compiling meteo.c...
compiling WEB.C...
linking...
Program Size: Code=45340 RO-data=2092 RW-data=760 ZI-data=20416  
FromELF: creating hex file...
".\OBJ\ARM_OS.axf" - 0 Error(s), 0 Warning(s).
Build Time Elapsed:  00:00:00
</pre>
</body>
</html>
